[2026-02-17 11:30:49] ERROR: 404 Not Found: The requested URL was not found on the server. If you entered the URL manually please check your spelling and try again.
Traceback (most recent call last):
  File "C:\Users\NOEL\AppData\Local\Programs\Python\Python312\Lib\site-packages\flask\app.py", line 867, in full_dispatch_request
    rv = self.dispatch_request()
         ^^^^^^^^^^^^^^^^^^^^^^^
  File "C:\Users\NOEL\AppData\Local\Programs\Python\Python312\Lib\site-packages\flask\app.py", line 841, in dispatch_request
    self.raise_routing_exception(req)
  File "C:\Users\NOEL\AppData\Local\Programs\Python\Python312\Lib\site-packages\flask\app.py", line 450, in raise_routing_exception
    raise request.routing_exception  # type: ignore
    ^^^^^^^^^^^^^^^^^^^^^^^^^^^^^^^
  File "C:\Users\NOEL\AppData\Local\Programs\Python\Python312\Lib\site-packages\flask\ctx.py", line 353, in match_request
    result = self.url_adapter.match(return_rule=True)  # type: ignore
             ^^^^^^^^^^^^^^^^^^^^^^^^^^^^^^^^^^^^^^^^
  File "C:\Users\NOEL\AppData\Local\Programs\Python\Python312\Lib\site-packages\werkzeug\routing\map.py", line 624, in match
    raise NotFound() from None
werkzeug.exceptions.NotFound: 404 Not Found: The requested URL was not found on the server. If you entered the URL manually please check your spelling and try again.

--------------------------------------------------
[2026-02-17 11:31:31] ERROR: 404 Not Found: The requested URL was not found on the server. If you entered the URL manually please check your spelling and try again.
Traceback (most recent call last):
  File "C:\Users\NOEL\AppData\Local\Programs\Python\Python312\Lib\site-packages\flask\app.py", line 867, in full_dispatch_request
    rv = self.dispatch_request()
         ^^^^^^^^^^^^^^^^^^^^^^^
  File "C:\Users\NOEL\AppData\Local\Programs\Python\Python312\Lib\site-packages\flask\app.py", line 841, in dispatch_request
    self.raise_routing_exception(req)
  File "C:\Users\NOEL\AppData\Local\Programs\Python\Python312\Lib\site-packages\flask\app.py", line 450, in raise_routing_exception
    raise request.routing_exception  # type: ignore
    ^^^^^^^^^^^^^^^^^^^^^^^^^^^^^^^
  File "C:\Users\NOEL\AppData\Local\Programs\Python\Python312\Lib\site-packages\flask\ctx.py", line 353, in match_request
    result = self.url_adapter.match(return_rule=True)  # type: ignore
             ^^^^^^^^^^^^^^^^^^^^^^^^^^^^^^^^^^^^^^^^
  File "C:\Users\NOEL\AppData\Local\Programs\Python\Python312\Lib\site-packages\werkzeug\routing\map.py", line 624, in match
    raise NotFound() from None
werkzeug.exceptions.NotFound: 404 Not Found: The requested URL was not found on the server. If you entered the URL manually please check your spelling and try again.

--------------------------------------------------
[2026-02-18 18:57:31] ERROR: 404 Not Found: The requested URL was not found on the server. If you entered the URL manually please check your spelling and try again.
Traceback (most recent call last):
  File "D:\script-sense-v3\backend\venv\lib\site-packages\flask\app.py", line 867, in full_dispatch_request
    rv = self.dispatch_request()
  File "D:\script-sense-v3\backend\venv\lib\site-packages\flask\app.py", line 841, in dispatch_request
    self.raise_routing_exception(req)
  File "D:\script-sense-v3\backend\venv\lib\site-packages\flask\app.py", line 450, in raise_routing_exception
    raise request.routing_exception  # type: ignore
  File "D:\script-sense-v3\backend\venv\lib\site-packages\flask\ctx.py", line 353, in match_request
    result = self.url_adapter.match(return_rule=True)  # type: ignore
  File "D:\script-sense-v3\backend\venv\lib\site-packages\werkzeug\routing\map.py", line 624, in match
    raise NotFound() from None
werkzeug.exceptions.NotFound: 404 Not Found: The requested URL was not found on the server. If you entered the URL manually please check your spelling and try again.

--------------------------------------------------
[2026-02-18 18:57:36] ERROR: 404 Not Found: The requested URL was not found on the server. If you entered the URL manually please check your spelling and try again.
Traceback (most recent call last):
  File "D:\script-sense-v3\backend\venv\lib\site-packages\flask\app.py", line 867, in full_dispatch_request
    rv = self.dispatch_request()
  File "D:\script-sense-v3\backend\venv\lib\site-packages\flask\app.py", line 841, in dispatch_request
    self.raise_routing_exception(req)
  File "D:\script-sense-v3\backend\venv\lib\site-packages\flask\app.py", line 450, in raise_routing_exception
    raise request.routing_exception  # type: ignore
  File "D:\script-sense-v3\backend\venv\lib\site-packages\flask\ctx.py", line 353, in match_request
    result = self.url_adapter.match(return_rule=True)  # type: ignore
  File "D:\script-sense-v3\backend\venv\lib\site-packages\werkzeug\routing\map.py", line 624, in match
    raise NotFound() from None
werkzeug.exceptions.NotFound: 404 Not Found: The requested URL was not found on the server. If you entered the URL manually please check your spelling and try again.

--------------------------------------------------
[2026-02-18 19:14:57] ERROR: 404 Not Found: The requested URL was not found on the server. If you entered the URL manually please check your spelling and try again.
Traceback (most recent call last):
  File "D:\script-sense-v3\backend\venv\lib\site-packages\flask\app.py", line 867, in full_dispatch_request
    rv = self.dispatch_request()
  File "D:\script-sense-v3\backend\venv\lib\site-packages\flask\app.py", line 841, in dispatch_request
    self.raise_routing_exception(req)
  File "D:\script-sense-v3\backend\venv\lib\site-packages\flask\app.py", line 450, in raise_routing_exception
    raise request.routing_exception  # type: ignore
  File "D:\script-sense-v3\backend\venv\lib\site-packages\flask\ctx.py", line 353, in match_request
    result = self.url_adapter.match(return_rule=True)  # type: ignore
  File "D:\script-sense-v3\backend\venv\lib\site-packages\werkzeug\routing\map.py", line 624, in match
    raise NotFound() from None
werkzeug.exceptions.NotFound: 404 Not Found: The requested URL was not found on the server. If you entered the URL manually please check your spelling and try again.

--------------------------------------------------
[2026-02-18 19:14:57] ERROR: 404 Not Found: The requested URL was not found on the server. If you entered the URL manually please check your spelling and try again.
Traceback (most recent call last):
  File "D:\script-sense-v3\backend\venv\lib\site-packages\flask\app.py", line 867, in full_dispatch_request
    rv = self.dispatch_request()
  File "D:\script-sense-v3\backend\venv\lib\site-packages\flask\app.py", line 841, in dispatch_request
    self.raise_routing_exception(req)
  File "D:\script-sense-v3\backend\venv\lib\site-packages\flask\app.py", line 450, in raise_routing_exception
    raise request.routing_exception  # type: ignore
  File "D:\script-sense-v3\backend\venv\lib\site-packages\flask\ctx.py", line 353, in match_request
    result = self.url_adapter.match(return_rule=True)  # type: ignore
  File "D:\script-sense-v3\backend\venv\lib\site-packages\werkzeug\routing\map.py", line 624, in match
    raise NotFound() from None
werkzeug.exceptions.NotFound: 404 Not Found: The requested URL was not found on the server. If you entered the URL manually please check your spelling and try again.

--------------------------------------------------
[2026-02-18 19:18:19] ERROR: 404 Not Found: The requested URL was not found on the server. If you entered the URL manually please check your spelling and try again.
Traceback (most recent call last):
  File "D:\script-sense-v3\backend\venv\lib\site-packages\flask\app.py", line 867, in full_dispatch_request
    rv = self.dispatch_request()
  File "D:\script-sense-v3\backend\venv\lib\site-packages\flask\app.py", line 841, in dispatch_request
    self.raise_routing_exception(req)
  File "D:\script-sense-v3\backend\venv\lib\site-packages\flask\app.py", line 450, in raise_routing_exception
    raise request.routing_exception  # type: ignore
  File "D:\script-sense-v3\backend\venv\lib\site-packages\flask\ctx.py", line 353, in match_request
    result = self.url_adapter.match(return_rule=True)  # type: ignore
  File "D:\script-sense-v3\backend\venv\lib\site-packages\werkzeug\routing\map.py", line 624, in match
    raise NotFound() from None
werkzeug.exceptions.NotFound: 404 Not Found: The requested URL was not found on the server. If you entered the URL manually please check your spelling and try again.

--------------------------------------------------
[2026-02-18 19:18:19] ERROR: 404 Not Found: The requested URL was not found on the server. If you entered the URL manually please check your spelling and try again.
Traceback (most recent call last):
  File "D:\script-sense-v3\backend\venv\lib\site-packages\flask\app.py", line 867, in full_dispatch_request
    rv = self.dispatch_request()
  File "D:\script-sense-v3\backend\venv\lib\site-packages\flask\app.py", line 841, in dispatch_request
    self.raise_routing_exception(req)
  File "D:\script-sense-v3\backend\venv\lib\site-packages\flask\app.py", line 450, in raise_routing_exception
    raise request.routing_exception  # type: ignore
  File "D:\script-sense-v3\backend\venv\lib\site-packages\flask\ctx.py", line 353, in match_request
    result = self.url_adapter.match(return_rule=True)  # type: ignore
  File "D:\script-sense-v3\backend\venv\lib\site-packages\werkzeug\routing\map.py", line 624, in match
    raise NotFound() from None
werkzeug.exceptions.NotFound: 404 Not Found: The requested URL was not found on the server. If you entered the URL manually please check your spelling and try again.

--------------------------------------------------
[2026-02-18 19:28:19] ERROR: 404 Not Found: The requested URL was not found on the server. If you entered the URL manually please check your spelling and try again.
Traceback (most recent call last):
  File "D:\script-sense-v3\backend\venv\lib\site-packages\flask\app.py", line 867, in full_dispatch_request
    rv = self.dispatch_request()
  File "D:\script-sense-v3\backend\venv\lib\site-packages\flask\app.py", line 841, in dispatch_request
    self.raise_routing_exception(req)
  File "D:\script-sense-v3\backend\venv\lib\site-packages\flask\app.py", line 450, in raise_routing_exception
    raise request.routing_exception  # type: ignore
  File "D:\script-sense-v3\backend\venv\lib\site-packages\flask\ctx.py", line 353, in match_request
    result = self.url_adapter.match(return_rule=True)  # type: ignore
  File "D:\script-sense-v3\backend\venv\lib\site-packages\werkzeug\routing\map.py", line 624, in match
    raise NotFound() from None
werkzeug.exceptions.NotFound: 404 Not Found: The requested URL was not found on the server. If you entered the URL manually please check your spelling and try again.

--------------------------------------------------
[2026-02-18 19:28:19] ERROR: 404 Not Found: The requested URL was not found on the server. If you entered the URL manually please check your spelling and try again.
Traceback (most recent call last):
  File "D:\script-sense-v3\backend\venv\lib\site-packages\flask\app.py", line 867, in full_dispatch_request
    rv = self.dispatch_request()
  File "D:\script-sense-v3\backend\venv\lib\site-packages\flask\app.py", line 841, in dispatch_request
    self.raise_routing_exception(req)
  File "D:\script-sense-v3\backend\venv\lib\site-packages\flask\app.py", line 450, in raise_routing_exception
    raise request.routing_exception  # type: ignore
  File "D:\script-sense-v3\backend\venv\lib\site-packages\flask\ctx.py", line 353, in match_request
    result = self.url_adapter.match(return_rule=True)  # type: ignore
  File "D:\script-sense-v3\backend\venv\lib\site-packages\werkzeug\routing\map.py", line 624, in match
    raise NotFound() from None
werkzeug.exceptions.NotFound: 404 Not Found: The requested URL was not found on the server. If you entered the URL manually please check your spelling and try again.

--------------------------------------------------
[2026-02-18 23:56:16] ERROR: 404 Not Found: The requested URL was not found on the server. If you entered the URL manually please check your spelling and try again.
Traceback (most recent call last):
  File "D:\script-sense-v3 - Copy\backend\venv\lib\site-packages\flask\app.py", line 867, in full_dispatch_request
    rv = self.dispatch_request()
  File "D:\script-sense-v3 - Copy\backend\venv\lib\site-packages\flask\app.py", line 841, in dispatch_request
    self.raise_routing_exception(req)
  File "D:\script-sense-v3 - Copy\backend\venv\lib\site-packages\flask\app.py", line 450, in raise_routing_exception
    raise request.routing_exception  # type: ignore
  File "D:\script-sense-v3 - Copy\backend\venv\lib\site-packages\flask\ctx.py", line 353, in match_request
    result = self.url_adapter.match(return_rule=True)  # type: ignore
  File "D:\script-sense-v3 - Copy\backend\venv\lib\site-packages\werkzeug\routing\map.py", line 624, in match
    raise NotFound() from None
werkzeug.exceptions.NotFound: 404 Not Found: The requested URL was not found on the server. If you entered the URL manually please check your spelling and try again.

--------------------------------------------------
